[0/1] Planning build
Building for debugging...
[0/3] Write sources
[1/3] Write swift-version--3E27FE4169C07DBC.txt
[3/5] Emitting module spinswift
[4/5] Compiling spinswift main.swift
[5/6] Compiling spinswift Integration.swift
/home/mf283855/work_THERMOSPIN/spinswift/Sources/spinswift/core/Integration.swift:61:17: warning: immutable value 'm' was never used; consider replacing with '_' or removing it
            let m : Vector3 = Analysis(h.atoms).GetMagnetization()
                ^
                _
/home/mf283855/work_THERMOSPIN/spinswift/Sources/spinswift/core/Integration.swift:62:17: warning: immutable value 'mnorm' was never used; consider replacing with '_' or removing it
            let mnorm : Double = Analysis(h.atoms).GetMagnetizationLength()
                ^~~~~
                _
[6/9] Wrapping AST for spinswift for debugging
[7/9] Write Objects.LinkFileList
[8/9] Linking spinswift
Build complete! (4.79s)
Simulation saved in /home/mf283855/Documents/Dy_T_0010a_1e-2.dat
